../Core/Src/main.c:143:6:HAL_UART_RxCpltCallback	48	static
../Core/Src/main.c:243:5:main	72	static
../Core/Src/main.c:386:6:SystemClock_Config	80	static
../Core/Src/main.c:427:13:MX_SPI2_Init	8	static
../Core/Src/main.c:465:13:MX_USART1_UART_Init	8	static
../Core/Src/main.c:498:13:MX_GPIO_Init	40	static
../Core/Src/main.c:524:6:ConfigAndPrint	80	static
../Core/Src/main.c:556:6:PrintConfig	80	static
../Core/Src/main.c:563:6:PrintConfig_All	8	static
../Core/Src/main.c:573:5:_write	24	static
../Core/Src/main.c:598:6:Error_Handler	4	static,ignoring_inline_asm
